// Jest Snapshot v1, https://goo.gl/fbAQLP

exports[`renders without crashing 1`] = `
<View
  style={
    Object {
      "flex": 1,
      "padding": 20,
    }
  }
>
  <ActivityIndicator
    animating={true}
    color="#999999"
    hidesWhenStopped={true}
    size="small"
  />
</View>
`;

exports[`renders without crashing 2`] = `
<View
  style={
    Object {
      "alignItems": "center",
      "backgroundColor": "#181818",
      "height": 300,
      "marginBottom": 10,
    }
  }
>
  <Image
    source={
      Object {
        "uri": undefined,
      }
    }
    style={
      Object {
        "backgroundColor": "#181818",
        "borderWidth": 1,
        "height": 300,
        "position": "relative",
        "width": 300,
      }
    }
  />
  <View
    style={
      Object {
        "backgroundColor": "#181818",
        "bottom": 0,
        "opacity": 0.8,
        "padding": 5,
        "paddingBottom": 14,
        "paddingTop": 9,
        "position": "absolute",
        "width": 300,
      }
    }
  >
    <Text
      accessible={true}
      allowFontScaling={true}
      ellipsizeMode="tail"
      style={
        Object {
          "color": "#fff",
          "fontSize": 16,
          "fontWeight": "bold",
          "textAlign": "center",
        }
      }
    />
    <Text
      accessible={true}
      allowFontScaling={true}
      ellipsizeMode="tail"
      style={
        Object {
          "color": "#ccc",
          "fontSize": 12,
          "textAlign": "center",
        }
      }
    />
  </View>
</View>
`;
