// Jest Snapshot v1, https://goo.gl/fbAQLP

exports[`renders without crashing 1`] = `
<View
  style={
    Object {
      "alignItems": "center",
      "borderBottomColor": "#282828",
      "borderBottomWidth": 1,
      "flexDirection": "row",
      "height": 40,
      "margin": 0,
      "padding": 5,
    }
  }
>
  <Text
    accessible={true}
    allowFontScaling={true}
    ellipsizeMode="tail"
    style={
      Object {
        "color": "#ccc",
        "marginRight": 4,
        "padding": 2,
        "paddingTop": 6,
        "textAlign": "center",
        "width": 22,
      }
    }
  />
  <Text
    accessible={true}
    allowFontScaling={true}
    ellipsizeMode="tail"
    numberOfLines={1}
    style={
      Object {
        "color": "#ccc",
        "padding": 2,
        "paddingTop": 6,
        "width": 265,
      }
    }
  />
  <Text
    accessible={true}
    allowFontScaling={true}
    ellipsizeMode="tail"
    style={
      Object {
        "color": "#ccc",
        "marginLeft": "auto",
        "padding": 2,
        "paddingTop": 6,
      }
    }
  >
    NaN: NaN
  </Text>
</View>
`;
